04:10:49  INFO      
04:10:49  INFO      ╔══════════════════════════════════════════════════════════╗
04:10:49  INFO      ║     CRUDE OIL CRACK SPREAD MEAN-REVERSION STRATEGY      ║
04:10:49  INFO      ║     Quantitative Finance — Semester 8 Major Project      ║
04:10:49  INFO      ╚══════════════════════════════════════════════════════════╝
04:10:49  INFO      
04:10:49  INFO      ============================================================
04:10:49  INFO      STEP 1: DATA PIPELINE
04:10:49  INFO      ============================================================
04:10:49  INFO        Downloading WTI (CL=F) ...
04:10:50  INFO          WTI: 1509 trading days, range [-37.630, 123.700]
04:10:50  INFO        Downloading RBOB (RB=F) ...
04:10:50  INFO          RBOB: 1510 trading days, range [0.412, 4.276]
04:10:50  INFO        Downloading HO (HO=F) ...
04:10:50  INFO          HO: 1510 trading days, range [0.610, 5.135]
04:10:50  INFO        Downloading benchmark series (SPY, WTI) ...
04:10:51  INFO          Benchmark: 1509 rows, 2019-01-02 → 2024-12-30
04:10:51  INFO        Validating raw data ...
04:10:51  INFO        Trading calendar alignment: 99.9% dates shared across all instruments.
04:10:51  INFO        Validation passed.
04:10:51  INFO        Raw data saved to C:\Users\chakr\Documents\rudraaksh_finalprojects\crack_spread_strategy\data\raw (timestamp: 20260907_041051)
04:10:51  INFO        Converting units to $/barrel ...
04:10:51  WARNING     WTI: 1 out-of-range values after conversion (expected [10.0, 250.0] $/bbl). Check for unit errors.
04:10:51  WARNING     RBOB: 2 out-of-range values after conversion (expected [20.0, 400.0] $/bbl). Check for unit errors.
04:10:51  INFO        Aligned panel: 1510 rows, 2019-01-02 to 2024-12-30
04:10:51  INFO        WTI  $/bbl: [-37.63, 123.70]
04:10:51  INFO        RBOB $/bbl: [17.30, 179.60]
04:10:51  INFO        HO   $/bbl: [25.64, 215.69]
04:10:51  INFO        Processed panel saved -> C:\Users\chakr\Documents\rudraaksh_finalprojects\crack_spread_strategy\data\processed\panel.csv
04:10:51  INFO        Benchmark saved       -> C:\Users\chakr\Documents\rudraaksh_finalprojects\crack_spread_strategy\data\processed\benchmark.csv
04:10:51  INFO      
04:10:51  INFO      ============================================================
04:10:51  INFO      STEP 2: CRACK SPREAD CONSTRUCTION
04:10:51  INFO      ============================================================
04:10:51  INFO      3:2:1 Crack Spread Summary:
04:10:51  INFO        Mean   : $23.767/bbl
04:10:51  INFO        Std    : $10.986/bbl
04:10:51  INFO        Min    : $2.396/bbl  (on 2020-03-23)
04:10:51  INFO        Max    : $68.772/bbl  (on 2020-04-20)
04:10:51  INFO        Skew   : 0.999
04:10:51  INFO        Kurtosis: 0.902
04:10:51  INFO      
Yearly Summary ($/bbl):
       Mean    Std    Min    Q25  Median    Q75    Max
Year                                                  
2019  18.43   3.56  10.67  15.43   18.12  21.97  24.68
2020  11.26   4.48   2.40   9.17   10.58  12.81  68.77
2021  19.67   3.07  11.29  18.48   20.24  21.69  25.72
2022  38.46  11.12  19.45  30.88   37.24  45.55  64.63
2023  32.06   6.70  17.82  25.88   32.56  37.02  47.01
2024  22.85   5.17  14.37  17.40   23.83  26.04  33.52
04:10:51  INFO        Saved table: yearly_crack_summary.csv
04:10:51  INFO      
Component Correlation (daily changes):
         WTI    RBOB      HO
WTI   1.0000  0.5210  0.4434
RBOB  0.5210  1.0000  0.6451
HO    0.4434  0.6451  1.0000
04:10:51  INFO        Saved table: component_correlation.csv
04:10:51  INFO      
04:10:51  INFO      ============================================================
04:10:51  INFO      STEP 3: STATISTICAL TESTS FOR MEAN REVERSION
04:10:51  INFO      ============================================================
04:10:51  INFO      ADF Test (primary: AIC lags):
04:10:51  INFO        Statistic : -2.2819
04:10:51  INFO        p-value   : 0.177884
04:10:51  INFO        Lags used : 8
04:10:51  INFO        Critical  : 1%=-3.4347, 5%=-2.8635, 10%=-2.5678
04:10:51  INFO        Result    : Cannot reject unit root @ 5%
04:10:51  INFO      KPSS Test:
04:10:51  INFO        [level] stat=2.0423, p=0.010000 → Rejects stationarity @ 5% — possible unit root
04:10:51  INFO        [trend] stat=0.6279, p=0.010000 → Rejects stationarity @ 5% — possible unit root
04:10:51  INFO      Hurst Exponent:  H = 0.9707  (R² = 0.9984, p = 0.0000)
04:10:51  INFO        H = 0.9707 — trending / persistent
04:10:51  INFO      OU Half-Life:   β = -0.024565  (t = -4.338)
04:10:51  INFO        λ (speed)    = 0.024565
04:10:51  INFO        Half-life    = 28.2 days
04:10:51  INFO        β = -0.024565 < 0 → mean-reverting. Half-life ≈ 28.2 trading days. Recommended z-score window: ~34 days.
04:10:51  INFO      
04:10:51  INFO      OVERALL: 1/4 tests confirm mean reversion.
04:10:51  INFO        WEAK evidence for mean reversion (1/4 tests confirm). Review data quality and consider alternative regimes.
04:10:51  INFO      
  OU half-life = 28.2 days → recommended window range: 22–42 days
04:10:51  INFO      
04:10:51  INFO      ============================================================
04:10:51  INFO      STEP 4: WALK-FORWARD PARAMETER SWEEP
04:10:51  INFO      ============================================================
04:10:51  INFO        IS period: 2019-01-02 → 2023-03-14 (1057 days)
04:10:51  INFO        OOS period: 2023-03-15 → 2024-12-30 (453 days)
04:10:51  INFO        Grid: 15 combinations
04:10:51  INFO        Backtest: 2019-01-02 → 2023-03-14 | NAV: $1,000,000 → $1,311,046 (+31.10%) | Trades: 32
04:10:51  INFO        Backtest: 2023-03-15 → 2024-12-30 | NAV: $1,000,000 → $1,066,720 (+6.67%) | Trades: 23
04:10:51  INFO        Backtest: 2019-01-02 → 2023-03-14 | NAV: $1,000,000 → $1,188,896 (+18.89%) | Trades: 21
04:10:51  INFO        Backtest: 2023-03-15 → 2024-12-30 | NAV: $1,000,000 → $1,099,767 (+9.98%) | Trades: 14
04:10:51  INFO        Backtest: 2019-01-02 → 2023-03-14 | NAV: $1,000,000 → $1,318,180 (+31.82%) | Trades: 11
04:10:51  INFO        Backtest: 2023-03-15 → 2024-12-30 | NAV: $1,000,000 → $1,118,433 (+11.84%) | Trades: 7
04:10:52  INFO        Backtest: 2019-01-02 → 2023-03-14 | NAV: $1,000,000 → $1,398,343 (+39.83%) | Trades: 26
04:10:52  INFO        Backtest: 2023-03-15 → 2024-12-30 | NAV: $1,000,000 → $1,138,173 (+13.82%) | Trades: 20
04:10:52  INFO        Backtest: 2019-01-02 → 2023-03-14 | NAV: $1,000,000 → $1,449,297 (+44.93%) | Trades: 16
04:10:52  INFO        Backtest: 2023-03-15 → 2024-12-30 | NAV: $1,000,000 → $1,206,187 (+20.62%) | Trades: 12
04:10:52  INFO        Backtest: 2019-01-02 → 2023-03-14 | NAV: $1,000,000 → $1,144,153 (+14.42%) | Trades: 7
04:10:52  INFO        Backtest: 2023-03-15 → 2024-12-30 | NAV: $1,000,000 → $1,117,710 (+11.77%) | Trades: 5
04:10:52  INFO        Backtest: 2019-01-02 → 2023-03-14 | NAV: $1,000,000 → $1,271,287 (+27.13%) | Trades: 22
04:10:52  INFO        Backtest: 2023-03-15 → 2024-12-30 | NAV: $1,000,000 → $1,271,347 (+27.13%) | Trades: 17
04:10:52  INFO        Backtest: 2019-01-02 → 2023-03-14 | NAV: $1,000,000 → $1,258,611 (+25.86%) | Trades: 11
04:10:52  INFO        Backtest: 2023-03-15 → 2024-12-30 | NAV: $1,000,000 → $1,478,045 (+47.80%) | Trades: 12
04:10:53  INFO        Backtest: 2019-01-02 → 2023-03-14 | NAV: $1,000,000 → $1,167,303 (+16.73%) | Trades: 7
04:10:53  INFO        Backtest: 2023-03-15 → 2024-12-30 | NAV: $1,000,000 → $1,106,837 (+10.68%) | Trades: 3
04:10:53  INFO        Backtest: 2019-01-02 → 2023-03-14 | NAV: $1,000,000 → $1,300,924 (+30.09%) | Trades: 22
04:10:53  INFO        Backtest: 2023-03-15 → 2024-12-30 | NAV: $1,000,000 → $1,276,619 (+27.66%) | Trades: 15
04:10:53  INFO        Backtest: 2019-01-02 → 2023-03-14 | NAV: $1,000,000 → $1,102,556 (+10.26%) | Trades: 11
04:10:53  INFO        Backtest: 2023-03-15 → 2024-12-30 | NAV: $1,000,000 → $1,181,879 (+18.19%) | Trades: 8
04:10:53  INFO        Backtest: 2019-01-02 → 2023-03-14 | NAV: $1,000,000 → $1,164,461 (+16.45%) | Trades: 7
04:10:53  INFO        Backtest: 2023-03-15 → 2024-12-30 | NAV: $1,000,000 → $1,118,158 (+11.82%) | Trades: 3
04:10:53  INFO        Backtest: 2019-01-02 → 2023-03-14 | NAV: $1,000,000 → $1,246,525 (+24.65%) | Trades: 19
04:10:54  INFO        Backtest: 2023-03-15 → 2024-12-30 | NAV: $1,000,000 → $1,167,891 (+16.79%) | Trades: 10
04:10:54  INFO        Backtest: 2019-01-02 → 2023-03-14 | NAV: $1,000,000 → $1,098,172 (+9.82%) | Trades: 12
04:10:54  INFO        Backtest: 2023-03-15 → 2024-12-30 | NAV: $1,000,000 → $1,292,305 (+29.23%) | Trades: 7
04:10:54  INFO        Backtest: 2019-01-02 → 2023-03-14 | NAV: $1,000,000 → $1,068,258 (+6.83%) | Trades: 6
04:10:54  INFO        Backtest: 2023-03-15 → 2024-12-30 | NAV: $1,000,000 → $1,147,686 (+14.77%) | Trades: 4
04:10:54  INFO      
  Selected on training segment: window=30 days, entry_thresh=2.0σ, IS Sharpe=0.4139
04:10:54  INFO        Saved table: parameter_sweep_results.csv
04:10:54  INFO      
04:10:54  INFO      ============================================================
04:10:54  INFO      STEP 5: FULL BACKTEST (OPTIMAL PARAMETERS)
04:10:54  INFO      ============================================================
04:10:54  INFO        Using: window=30 days, entry_thresh=2.0σ
04:10:54  INFO        Backtest: 2019-01-02 → 2024-12-30 | NAV: $1,000,000 → $1,757,548 (+75.75%) | Trades: 28
04:10:54  INFO        Equity curve → results/tables/equity_curve.csv
04:10:54  INFO        Trade log    → results/tables/trade_log.csv
04:10:54  INFO      
04:10:54  INFO      ============================================================
04:10:54  INFO      STEP 6: PERFORMANCE METRICS
04:10:54  INFO      ============================================================
04:10:54  INFO        total_return_pct              : 75.75
04:10:54  INFO        cagr_pct                      : 9.87
04:10:54  INFO        ann_volatility_pct            : 10.04
04:10:54  INFO        sharpe_ratio                  : 0.4895
04:10:54  INFO        sortino_ratio                 : 0.8979
04:10:54  INFO        calmar_ratio                  : 0.7758
04:10:54  INFO        max_drawdown_pct              : -12.72
04:10:54  INFO        peak_date                     : 2022-03-10
04:10:54  INFO        trough_date                   : 2022-04-28
04:10:54  INFO        drawdown_dur_days             : 49
04:10:54  INFO        recovery_dur_days             : 146
04:10:54  INFO        var_95_daily_pct              : -0.6368
04:10:54  INFO        var_99_daily_pct              : -1.7621
04:10:54  INFO        cvar_95_daily_pct             : -1.2713
04:10:54  INFO        n_trades                      : 28
04:10:54  INFO        n_long_trades                 : 12
04:10:54  INFO        n_short_trades                : 16
04:10:54  INFO        hit_rate_pct                  : 82.14
04:10:54  INFO        profit_factor                 : 6.6945
04:10:54  INFO        avg_win_usd                   : 38876.17
04:10:54  INFO        avg_loss_usd                  : -26712.85
04:10:54  INFO        expectancy_usd                : 27163.84
04:10:54  INFO        avg_hold_days                 : 14.3
04:10:54  INFO        total_costs_usd               : 44520.0
04:10:54  INFO        initial_nav_usd               : 1000000.0
04:10:54  INFO        final_nav_usd                 : 1757547.62
04:10:54  INFO        total_pnl_usd                 : 757547.62
04:10:54  INFO      
Benchmark Comparison:
04:10:54  INFO        SPY: CAGR=17.17%, Sharpe=0.6471, MaxDD=-33.72%
04:10:54  INFO        WTI_BH: CAGR=7.30%, Sharpe=-0.3264, MaxDD=-156.76%
04:10:54  INFO      
04:10:54  INFO      ============================================================
04:10:54  INFO      STEP 7: GENERATING FIGURES
04:10:54  INFO      ============================================================
04:10:55  INFO        Saved: fig01_crack_spread_history.png
04:10:55  INFO        Saved: fig02_zscore_signals.png
04:10:55  INFO        Saved: fig03_equity_curve.png
04:10:56  INFO        Saved: fig04_pnl_distribution.png
04:10:56  INFO        Saved: fig05_rolling_sharpe.png
04:10:56  INFO        Saved: fig06_parameter_heatmap.png
04:10:56  INFO        Saved: fig07_statistical_summary.png
04:10:57  INFO        Saved: fig08_yearly_performance.png
04:10:57  INFO        Saved: fig09_benchmark_comparison.png
04:10:57  INFO        Saved: fig10_hurst_rs_analysis.png
04:10:57  INFO        All 10 figures saved to C:\Users\chakr\Documents\rudraaksh_finalprojects\crack_spread_strategy\results\figures
04:10:57  INFO      
04:10:57  INFO      ============================================================
04:10:57  INFO      STEP 9: GENERATING LATEX REPORT
04:10:57  INFO      ============================================================
04:10:57  INFO        LaTeX source saved → C:\Users\chakr\Documents\rudraaksh_finalprojects\crack_spread_strategy\report\crack_spread_report.tex
04:11:04  INFO        PDF compiled successfully → C:\Users\chakr\Documents\rudraaksh_finalprojects\crack_spread_strategy\report\crack_spread_report.pdf
04:11:04  INFO      
04:11:04  INFO      ╔══════════════════════════════════════════════════════════╗
04:11:04  INFO      ║                  PIPELINE COMPLETE                      ║
04:11:04  INFO      ╠══════════════════════════════════════════════════════════╣
04:11:04  INFO      ║  Sharpe Ratio  : 0.4895                              ║
04:11:04  INFO      ║  CAGR          : 9.87      %                         ║
04:11:04  INFO      ║  Max Drawdown  : -12.72    %                         ║
04:11:04  INFO      ║  Hit Rate      : 82.14     %                         ║
04:11:04  INFO      ║  # Trades      : 28                                  ║
04:11:04  INFO      ╠══════════════════════════════════════════════════════════╣
04:11:04  INFO      ║  Figures  → results/figures/  (10 files)              ║
04:11:04  INFO      ║  Tables   → results/tables/                             ║
04:11:04  INFO      ║  Report   → report/crack_spread_report.tex (.pdf)        ║
04:11:04  INFO      ╚══════════════════════════════════════════════════════════╝
04:11:04  INFO      
